// Jest Snapshot v1, https://goo.gl/fbAQLP

exports[`Component: CustomDatePicker renders properly 1`] = `
<div>
  <div
    className="react-datepicker-wrapper"
  >
    <div
      className="react-datepicker__input-container"
    >
      <span>
        <span
          style={
            Object {
              "display": "flex",
              "justifyContent": "space-around",
            }
          }
        >
          <span
            className=""
          >
            
          </span>
          <input
            className="form-control"
            id={undefined}
            onChange={[Function]}
            onClick={[Function]}
            placeholder=""
            readOnly={undefined}
            style={
              Object {
                "marginRight": "5px",
                "width": "110px",
              }
            }
            type="text"
            value="23 Oct 2018"
          />
        </span>
      </span>
    </div>
  </div>
  
</div>
`;
